<html>
<body>
<pre>
<h1>µVision Build Log</h1>
<h2>Tool Versions:</h2>
IDE-Version: µVision V5.17.0.0
Copyright (C) 2015 ARM Ltd and ARM Germany GmbH. All rights reserved.
License Information: shrinivas Hakari, AWT, LIC=----
 
Tool Versions:
Toolchain:       MDK-Lite  Version: 5.17
Toolchain Path:  C:\Keil_v5\ARM\ARMCC\Bin
C Compiler:      Armcc.exe V5.06 update 1 (build 61)
Assembler:       Armasm.exe V5.06 update 1 (build 61)
Linker/Locator:  ArmLink.exe V5.06 update 1 (build 61)
Library Manager: ArmAr.exe V5.06 update 1 (build 61)
Hex Converter:   FromElf.exe V5.06 update 1 (build 61)
CPU DLL:         SARMCM3.DLL V5.17
Dialog DLL:      DARMCM1.DLL V1.12.0.0
Target DLL:      Segger\JL2CM3.dll V2.99.16.0
Dialog DLL:      TARMCM1.DLL V1.9.0.0
 
<h2>Project:</h2>
D:\BME_680_BLE\QUENT_BLE_SHR_1\QUENT_BLE_SHR\QUENT_BLE\6.0.14.1114\projects\target_apps\ble_examples\ble_app_peripheral\Keil_5\ble_app_peripheral.uvprojx
Project File Date:  11/30/2023

<h2>Output:</h2>
*** Using Compiler 'V5.06 update 1 (build 61)', folder: 'C:\Keil_v5\ARM\ARMCC\Bin'
Rebuild target 'DA14531'
assembling startup_DA14531.s...
compiling arch_console.c...
compiling nmi_handler.c...
compiling system_DA14531.c...
compiling nvds.c...
compiling hardfault_handler.c...
compiling jump_table.c...
compiling arch_sleep.c...
compiling chacha20.c...
compiling arch_rom.c...
compiling arch_main.c...
..\..\..\..\..\sdk\platform\arch\main\arch_main.c(252): warning:  #550-D: variable "returnCode" was set but never used
  	uint32_t returnCode;
..\..\..\..\..\sdk\platform\arch\main\arch_main.c(432): warning:  #167-D: argument of type "int8_t *" is incompatible with parameter of type "uint8_t *"
  	i2c_read(0x8C,&par_t3,1);  // PART3
..\..\..\..\..\sdk\platform\arch\main\arch_main.c(523): warning:  #167-D: argument of type "int8_t *" is incompatible with parameter of type "uint8_t *"
  	i2c_read(0x92, &par_p3,1);                      //read par_p3
..\..\..\..\..\sdk\platform\arch\main\arch_main.c(533): warning:  #167-D: argument of type "int8_t *" is incompatible with parameter of type "uint8_t *"
  	i2c_read(0x99, &par_p6,1);                        //read par_p6
..\..\..\..\..\sdk\platform\arch\main\arch_main.c(535): warning:  #167-D: argument of type "int8_t *" is incompatible with parameter of type "uint8_t *"
  	i2c_read(0x98, &par_p7,1);                        //read par_p7
..\..\..\..\..\sdk\platform\arch\main\arch_main.c(646): warning:  #167-D: argument of type "int8_t *" is incompatible with parameter of type "uint8_t *"
  	i2c_read(0xE4,&par_h3,1);                     //par_h3
..\..\..\..\..\sdk\platform\arch\main\arch_main.c(648): warning:  #167-D: argument of type "int8_t *" is incompatible with parameter of type "uint8_t *"
  	i2c_read(0xE5, &par_h4,1);                     //par_h4
..\..\..\..\..\sdk\platform\arch\main\arch_main.c(650): warning:  #167-D: argument of type "int8_t *" is incompatible with parameter of type "uint8_t *"
  	i2c_read(0xE6, &par_h5,1);                     //par_h5
..\..\..\..\..\sdk\platform\arch\main\arch_main.c(654): warning:  #167-D: argument of type "int8_t *" is incompatible with parameter of type "uint8_t *"
  	i2c_read(0xE8, &par_h7,1);                     //par_h7
..\..\..\..\..\sdk\platform\arch\main\arch_main.c(604): warning:  #177-D: variable "par_h1_low" was declared but never referenced
  	uint8_t par_h1_low ;
..\..\..\..\..\sdk\platform\arch\main\arch_main.c(610): warning:  #177-D: variable "par_h2_low" was declared but never referenced
  	uint8_t par_h2_low ;
..\..\..\..\..\sdk\platform\arch\main\arch_main.c(623): warning:  #177-D: variable "hum_buf" was declared but never referenced
  	uint8_t hum_buf[2];
..\..\..\..\..\sdk\platform\arch\main\arch_main.c(753): warning:  #177-D: variable "rslt" was declared but never referenced
  	int8_t rslt;
..\..\..\..\..\sdk\platform\arch\main\arch_main.c(755): warning:  #177-D: variable "hctrl" was declared but never referenced
  	uint8_t hctrl, run_gas = 0;
..\..\..\..\..\sdk\platform\arch\main\arch_main.c(755): warning:  #177-D: variable "run_gas" was declared but never referenced
  	uint8_t hctrl, run_gas = 0;
..\..\..\..\..\sdk\platform\arch\main\arch_main.c(757): warning:  #177-D: variable "ctrl_gas_addr" was declared but never referenced
  	uint8_t ctrl_gas_addr[2] = {0x70, 0x71 };
..\..\..\..\..\sdk\platform\arch\main\arch_main.c(766): warning:  #177-D: variable "i" was declared but never referenced
  	uint8_t i;
..\..\..\..\..\sdk\platform\arch\main\arch_main.c(767): warning:  #177-D: variable "shared_dur" was declared but never referenced
  	uint8_t shared_dur;
..\..\..\..\..\sdk\platform\arch\main\arch_main.c(768): warning:  #550-D: variable "write_len" was set but never used
  	uint8_t write_len = 0;
..\..\..\..\..\sdk\platform\arch\main\arch_main.c(769): warning:  #177-D: variable "heater_dur_shared_addr" was declared but never referenced
  	uint8_t heater_dur_shared_addr = BME68X_REG_SHD_HEATR_DUR;
..\..\..\..\..\sdk\platform\arch\main\arch_main.c(770): warning:  #550-D: variable "rh_reg_addr" was set but never used
  	uint8_t rh_reg_addr[10] = { 0, 0, 0, 0, 0, 0, 0, 0, 0, 0 };
..\..\..\..\..\sdk\platform\arch\main\arch_main.c(771): warning:  #550-D: variable "rh_reg_data" was set but never used
  	uint8_t rh_reg_data[10] = { 0, 0, 0, 0, 0, 0, 0, 0, 0, 0 };
..\..\..\..\..\sdk\platform\arch\main\arch_main.c(772): warning:  #550-D: variable "gw_reg_addr" was set but never used
  	uint8_t gw_reg_addr[10] = { 0, 0, 0, 0, 0, 0, 0, 0, 0, 0 };
..\..\..\..\..\sdk\platform\arch\main\arch_main.c(773): warning:  #550-D: variable "gw_reg_data" was set but never used
  	uint8_t gw_reg_data[10] = { 0, 0, 0, 0, 0, 0, 0, 0, 0, 0 };
..\..\..\..\..\sdk\platform\arch\main\arch_main.c(838): warning:  #177-D: variable "sensorAddress" was declared but never referenced
  	uint8_t sensorAddress = 0x5A; // Replace with the actual sensor address.
..\..\..\..\..\sdk\platform\arch\main\arch_main.c(847): warning:  #177-D: variable "data" was declared but never referenced
  	uint8_t data[2] = {registerAddress, targetResistance};
..\..\..\..\..\sdk\platform\arch\main\arch_main.c(869): warning:  #177-D: variable "amb_temp_1" was declared but never referenced
  	int32_t amb_temp_1 = 25;
..\..\..\..\..\sdk\platform\arch\main\arch_main.c(890): warning:  #177-D: variable "res_heat_x100" was declared but never referenced
  double res_heat_x100;
..\..\..\..\..\sdk\platform\arch\main\arch_main.c(891): warning:  #550-D: variable "res_heat_x" was set but never used
  double res_heat_x;
..\..\..\..\..\sdk\platform\arch\main\arch_main.c(1251): warning:  #550-D: variable "end_index" was set but never used
      int end_index = -1;
..\..\..\..\..\sdk\platform\arch\main\arch_main.c(1278): warning:  #520-D: initialization with "{...}" expected for aggregate object
  int temp_arr[8]=0;
..\..\..\..\..\sdk\platform\arch\main\arch_main.c(1279): warning:  #520-D: initialization with "{...}" expected for aggregate object
  int hum_arr[8]=0;
..\..\..\..\..\sdk\platform\arch\main\arch_main.c(1280): warning:  #520-D: initialization with "{...}" expected for aggregate object
  int press_arr[8]=0;
..\..\..\..\..\sdk\platform\arch\main\arch_main.c(1281): warning:  #520-D: initialization with "{...}" expected for aggregate object
  int gas_arr1[10]=0;
..\..\..\..\..\sdk\platform\arch\main\arch_main.c(1282): warning:  #520-D: initialization with "{...}" expected for aggregate object
  int gas_arr[200]=0;
..\..\..\..\..\sdk\platform\arch\main\arch_main.c: 35 warnings, 0 errors
compiling arch_hibernation.c...
compiling hash.c...
compiling otp_hdr.c...
compiling otp_cs.c...
compiling arch_system.c...
compiling syscntl.c...
compiling wkupct_quadec.c...
compiling gpio.c...
compiling battery.c...
compiling adc_531.c...
compiling spi_531.c...
compiling spi_flash.c...
compiling i2c.c...
compiling hw_otpc_531.c...
compiling dma.c...
compiling trng.c...
compiling i2c_eeprom.c...
..\..\..\..\..\sdk\platform\driver\i2c_eeprom\i2c_eeprom.c(395): warning:  #1-D: last line of file ends without a newline
  }
..\..\..\..\..\sdk\platform\driver\i2c_eeprom\i2c_eeprom.c: 1 warning, 0 errors
compiling wlan_coex.c...
compiling uart.c...
..\..\..\..\..\sdk\platform\driver\uart\uart.c(158): warning:  #177-D: variable "uart_env" was declared but never referenced
      uart_env_t *uart_env = UART_ENV(uart_id);    // Read 1 byte
..\..\..\..\..\sdk\platform\driver\uart\uart.c(220): warning:  #940-D: missing return statement at end of non-void function "ReadUart"
  }
..\..\..\..\..\sdk\platform\driver\uart\uart.c(208): warning:  #177-D: variable "uart_env" was declared but never referenced
  	uart_env_t *uart_env = UART_ENV(Uart_Instance);
..\..\..\..\..\sdk\platform\driver\uart\uart.c: 3 warnings, 0 errors
compiling uart_utils.c...
compiling rf_585.c...
compiling attm_db_128.c...
compiling rf_531.c...
compiling prf_utils.c...
compiling rwip.c...
compiling custom_common.c...
compiling diss.c...
compiling diss_task.c...
compiling ble_arp.c...
compiling custs1.c...
compiling custs1_task.c...
compiling rwble.c...
compiling prf.c...
compiling app_default_handlers.c...
compiling app_security.c...
compiling app_task.c...
compiling app.c...
compiling app_bass.c...
compiling app_security_task.c...
compiling app_bass_task.c...
compiling app_findme.c...
compiling app_proxr.c...
compiling app_findme_task.c...
compiling app_proxr_task.c...
compiling app_diss.c...
compiling app_diss_task.c...
compiling app_suotar.c...
compiling app_suotar_task.c...
compiling app_msg_utils.c...
compiling app_easy_msg_utils.c...
compiling app_easy_timer.c...
compiling app_entry_point.c...
compiling app_customs.c...
compiling app_easy_security.c...
compiling app_customs_task.c...
compiling app_customs_common.c...
compiling app_bond_db.c...
..\..\..\..\..\sdk\app_modules\src\app_bond_db\app_bond_db.c(96): warning:  #177-D: function "bond_db_load_flash" was declared but never referenced
  static void bond_db_load_flash(void)
..\..\..\..\..\sdk\app_modules\src\app_bond_db\app_bond_db.c(180): warning:  #177-D: function "bond_db_store_flash" was declared but never referenced
  static void bond_db_store_flash(bool scheduler_en)
..\..\..\..\..\sdk\app_modules\src\app_bond_db\app_bond_db.c: 2 warnings, 0 errors
compiling app_easy_whitelist.c...
compiling app_utils.c...
compiling user_custs1_def.c...
compiling user_custs_config.c...
compiling user_peripheral.c...
..\src\user_peripheral.c(354): warning:  #550-D: variable "buf" was set but never used
  		uint8_t buf[6] = {0};
..\src\user_peripheral.c: 1 warning, 0 errors
compiling scheduler.c...
compiling user_periph_setup.c...
..\src\platform\user_periph_setup.c(164): warning:  #177-D: variable "spi_cfg" was declared but never referenced
  static const spi_cfg_t spi_cfg = {
..\src\platform\user_periph_setup.c: 1 warning, 0 errors
compiling comm_manager.c...
compiling awt_requests.c...
..\src\awt_requests.c(18): warning:  #1295-D: Deprecated declaration send_totalpress_count_to_app - give arg types
  void send_totalpress_count_to_app();
..\src\awt_requests.c(178): warning:  #223-D: function "send_temp_to_app" declared implicitly
  		send_temp_to_app();
..\src\awt_requests.c(182): warning:  #223-D: function "send_Humidity_to_app" declared implicitly
  		send_Humidity_to_app();
..\src\awt_requests.c(186): warning:  #223-D: function "send_pressure_to_app" declared implicitly
  		send_pressure_to_app();
..\src\awt_requests.c(191): warning:  #223-D: function "send_Gas_resi_to_app" declared implicitly
  		send_Gas_resi_to_app();
..\src\awt_requests.c(195): warning:  #223-D: function "send_Co2_equivalent_to_app" declared implicitly
  		send_Co2_equivalent_to_app();
..\src\awt_requests.c(200): warning:  #223-D: function "send_IAQ_equivalent_to_app" declared implicitly
  		send_IAQ_equivalent_to_app();
..\src\awt_requests.c(314): warning:  #177-D: variable "alert_info" was declared but never referenced
  	uint8_t *alert_info = (uint8_t *)ptr->value;
..\src\awt_requests.c: 8 warnings, 0 errors
compiling asm_adc.c...
compiling awt_response.c...
compiling bme68x.c...
linking...
Program Size: Code=27718 RO-data=2722 RW-data=752 ZI-data=8580  
FromELF: creating hex file...
After Build - User command #1: fromelf --bincombined --output=".\out_DA14531\Objects\ble_app_peripheral_531.bin"  ".\out_DA14531\Objects\ble_app_peripheral_531.axf"
".\out_DA14531\Objects\ble_app_peripheral_531.axf" - 0 Error(s), 51 Warning(s).

<h2>Collection of Component include folders:</h2>
  D:\BME_680_BLE\QUENT_BLE_SHR_1\QUENT_BLE_SHR\QUENT_BLE\6.0.14.1114\projects\target_apps\ble_examples\ble_app_peripheral\Keil_5\RTE
  C:\Keil_v5\ARM\PACK\ARM\CMSIS\4.5.0\Device\ARM\ARMCM0\Include

<h2>Collection of Component Files used:</h2>
Build Time Elapsed:  00:00:29
</pre>
</body>
</html>
